// Jest Snapshot v1, https://goo.gl/fbAQLP

exports[`[V4] 存储键注册表机械穷举哨兵 🔴 注册表形状快照(变更必须 jest -u 显式留痕;降级 kind 必须说明理由) 1`] = `
Array [
  "CalculatorFormula :: cache :: backup=false",
  "HorosaLocalDeepLearn :: user-data :: backup=true",
  "baziInverse :: settings :: backup=true",
  "baziPattern :: settings :: backup=true",
  "baziPattern_local::* :: user-data :: backup=true",
  "chart3dOpt :: settings :: backup=true",
  "commtoolstab :: settings :: backup=true",
  "globalSetup :: settings :: backup=true",
  "guaData :: cache :: backup=false",
  "horosa.acg.settings.v1 :: settings :: backup=true",
  "horosa.ai.agent.approval :: settings :: backup=true",
  "horosa.ai.agent.approval.categories.v1 :: settings :: backup=true",
  "horosa.ai.agent.caps.v1 :: cache :: backup=false",
  "horosa.ai.agent.enabled :: settings :: backup=true",
  "horosa.ai.agent.external.policy.v1 :: settings :: backup=true",
  "horosa.ai.agent.ledger.v1 :: device-local :: backup=false",
  "horosa.ai.agent.toolPolicy.v1 :: settings :: backup=true",
  "horosa.ai.agent.trust.records.v1 :: settings :: backup=true",
  "horosa.ai.analysis.ui.v3 :: settings :: backup=true",
  "horosa.ai.analysis.v1 :: user-data :: backup=dedicated",
  "horosa.ai.automation.enabled :: settings :: backup=true",
  "horosa.ai.chat.contextPolicy.v1 :: settings :: backup=true",
  "horosa.ai.chat.modelRoutes.v1 :: settings :: backup=true",
  "horosa.ai.chat.routeOptions.v1 :: settings :: backup=true",
  "horosa.ai.chat.routeProfiles.v1 :: settings :: backup=true",
  "horosa.ai.export.settings.v1 :: settings :: backup=true",
  "horosa.ai.mount.techniqueDefaults.v1 :: settings :: backup=true",
  "horosa.ai.orchestrate.enabled :: settings :: backup=true",
  "horosa.ai.persona.layers.v1 :: settings :: backup=true",
  "horosa.ai.persona.v1 :: settings :: backup=true",
  "horosa.ai.snapshot.* :: cache :: backup=false",
  "horosa.ai.tasks.goal.enabled :: settings :: backup=true",
  "horosa.ai.tasks.goal.parallel :: settings :: backup=true",
  "horosa.ai.tasks.scheduler.enabled :: settings :: backup=true",
  "horosa.ai.tasks.scheduler.lastTickAt :: cache :: backup=false",
  "horosa.ai.tasks.scheduler.lease :: cache :: backup=false",
  "horosa.ai.tools.external.enabled :: settings :: backup=true",
  "horosa.ai.tools.headless.enabled :: settings :: backup=true",
  "horosa.ai.tools.webFetch.enabled :: settings :: backup=true",
  "horosa.ai.tools.webSearch.enabled :: settings :: backup=true",
  "horosa.ai.window.id :: cache :: backup=false",
  "horosa.astro.customAyanamsa.v1 :: settings :: backup=true",
  "horosa.astro.customTerms.v1 :: settings :: backup=true",
  "horosa.babylon.settings.v1 :: settings :: backup=true",
  "horosa.backup.lastResult :: device-local :: backup=false",
  "horosa.boot.lastChart.v1 :: cache :: backup=false",
  "horosa.chart.classicalGlobals.v1 :: settings :: backup=true",
  "horosa.chart.divinationJudgeGlobals.v1 :: settings :: backup=true",
  "horosa.chart.newChartSeeds.v1 :: settings :: backup=true",
  "horosa.compat.alignZoom :: device-local :: backup=false",
  "horosa.compat.hasFallback :: device-local :: backup=false",
  "horosa.compat.offsetXYZoom :: device-local :: backup=false",
  "horosa.compat.svgCtmZoom :: device-local :: backup=false",
  "horosa.compat.zoomReprobe :: device-local :: backup=false",
  "horosa.debug.* :: device-local :: backup=false",
  "horosa.deleted.log.v1 :: user-data :: backup=true",
  "horosa.direction.settings.v1 :: settings :: backup=true",
  "horosa.dunjia.settings.v1 :: settings :: backup=true",
  "horosa.egypt.school.v1 :: settings :: backup=true",
  "horosa.election.settings.v1 :: settings :: backup=true",
  "horosa.feigong.settings.v1 :: settings :: backup=true",
  "horosa.fengshui.settings.v1 :: settings :: backup=true",
  "horosa.geomancy.settings.v1 :: settings :: backup=true",
  "horosa.guadesc.cache.* :: cache :: backup=false",
  "horosa.guazhan.settings.v1 :: settings :: backup=true",
  "horosa.guice.settings.v1 :: settings :: backup=true",
  "horosa.guolao.engineMode :: settings :: backup=true",
  "horosa.guolao.kinastroQizheng.options :: settings :: backup=true",
  "horosa.horary.settings.v1 :: settings :: backup=true",
  "horosa.huangji.settings.v1 :: settings :: backup=true",
  "horosa.india.rectify.prefs.v1 :: settings :: backup=true",
  "horosa.jinkou.settings.v1 :: settings :: backup=true",
  "horosa.kinastro.settings.v1 :: settings :: backup=true",
  "horosa.lc.idb :: device-local :: backup=false",
  "horosa.lc.lifeEvents.v1 :: user-data :: backup=true",
  "horosa.lifespan.method :: settings :: backup=true",
  "horosa.lingqi.settings.v1 :: settings :: backup=true",
  "horosa.liureng.settings.v1 :: settings :: backup=true",
  "horosa.liuyao.settings.v1 :: settings :: backup=true",
  "horosa.localCases.trash.v1 :: user-data :: backup=dedicated",
  "horosa.localCases.v1 :: user-data :: backup=dedicated",
  "horosa.localCharts.trash.v1 :: user-data :: backup=dedicated",
  "horosa.localCharts.v1 :: user-data :: backup=dedicated",
  "horosa.localRecordStore.degraded :: device-local :: backup=false",
  "horosa.localRecordStore.newerSchema :: device-local :: backup=false",
  "horosa.localcalc.* :: cache :: backup=false",
  "horosa.map.consent.v1 :: device-local :: backup=false",
  "horosa.mundane.region.user.v1 :: user-data :: backup=true",
  "horosa.mundane.settings.v1 :: settings :: backup=true",
  "horosa.notify.desktop :: settings :: backup=true",
  "horosa.pd.columns.v1 :: settings :: backup=true",
  "horosa.pd.orb.v1 :: settings :: backup=true",
  "horosa.pd.pageSize :: settings :: backup=true",
  "horosa.pdsphere.* :: settings :: backup=true",
  "horosa.perf.* :: device-local :: backup=false",
  "horosa.planetarium.settings.v1 :: settings :: backup=true",
  "horosa.reader.chapter.* :: cache :: backup=false",
  "horosa.record.revisions.v1 :: device-local :: backup=false",
  "horosa.reminders.enabled.v1 :: settings :: backup=true",
  "horosa.report.debugLog :: device-local :: backup=false",
  "horosa.report.glossary.global.v1 :: user-data :: backup=true",
  "horosa.report.prefill.v1 :: settings :: backup=true",
  "horosa.report.thinkingLevel :: settings :: backup=true",
  "horosa.sanshi.settings.v1 :: settings :: backup=true",
  "horosa.sec.aiBodyEncrypt :: settings :: backup=true",
  "horosa.shell.zoom :: device-local :: backup=false",
  "horosa.sidebar.collapse.v1 :: settings :: backup=true",
  "horosa.storage.persisted :: device-local :: backup=false",
  "horosa.taiyi.settings.v1 :: settings :: backup=true",
  "horosa.tarot.dailyLog :: user-data :: backup=true",
  "horosa.tarot.personalMeanings :: user-data :: backup=true",
  "horosa.tarot.settings.v1 :: settings :: backup=true",
  "horosa.test.third.v1 :: device-local :: backup=false",
  "horosa.tz.cnUnified :: settings :: backup=true",
  "horosa.ui.lightFlavor :: settings :: backup=true",
  "horosa.ui.skipDeleteConfirm.v1 :: settings :: backup=true",
  "horosa.uranian.dial.v1 :: settings :: backup=true",
  "horosa.uranian.gephem.v1 :: settings :: backup=true",
  "horosa.window.size.v1 :: device-local :: backup=false",
  "horosa.wuzhao.settings.v1 :: settings :: backup=true",
  "horosa.xiaochengtu.settings.v1 :: settings :: backup=true",
  "horosa.xiaoliuren.settings.v1 :: settings :: backup=true",
  "horosa.xuanshi.bookmarks.v1 :: user-data :: backup=true",
  "horosa.xuanshi.history.v1 :: user-data :: backup=true",
  "horosa.xuanshi.state.v1 :: settings :: backup=true",
  "horosa.zeri.bazi.schemes.v1 :: user-data :: backup=true",
  "horosa.zeri.huangli.schemes.v1 :: user-data :: backup=true",
  "horosa.zeri.india.schemes.v1 :: user-data :: backup=true",
  "horosa.zeri.liureng.schemes.v1 :: user-data :: backup=true",
  "horosa.zeri.qimen.schemes.v1 :: user-data :: backup=true",
  "horosa.zeri.qizheng.schemes.v1 :: user-data :: backup=true",
  "horosa.zeri.sanshi.schemes.v1 :: user-data :: backup=true",
  "horosa.zeri.schemes.v1 :: user-data :: backup=true",
  "horosa.zeri.taiyi.schemes.v1 :: user-data :: backup=true",
  "horosa.zeri.tianxing.settings.v1 :: settings :: backup=true",
  "horosa.zeri.ziwei.schemes.v1 :: user-data :: backup=true",
  "horosaBackendIdentityOff :: settings :: backup=true",
  "horosaGeomancyHistory :: user-data :: backup=true",
  "horosaGuolao* :: settings :: backup=true",
  "horosaGuolaoLifeMode :: settings :: backup=true",
  "horosaUpdateUiV2 :: device-local :: backup=false",
  "liureng* :: settings :: backup=true",
  "readerBook :: settings :: backup=true",
  "suzhan* :: settings :: backup=true",
  "xuanshi:density:events :: settings :: backup=true",
  "ziwei* :: settings :: backup=true",
  "ziweiBrightnessCustom :: user-data :: backup=true",
  "ziweiLateZiMigrated :: device-local :: backup=false",
  "ziweiSihuaCustom :: user-data :: backup=true",
]
`;

exports[`[V5-C5] 记录迁移链 hash 锁 🔴 历史迁移步骤逐字节冻结(改历史=红;新增步骤=快照追加留痕) 1`] = `"1行:e3b0c44298fc1c149afbf4c8996fb92427ae41e4649b934ca495991b7852b855"`;
